src/app/api/summary/route.ts(95,31): error TS7006: Parameter 'r' implicitly has an 'any' type.
src/app/api/summary/route.ts(127,40): error TS7006: Parameter 'r' implicitly has an 'any' type.
src/app/api/summary/route.ts(192,38): error TS7006: Parameter 'r' implicitly has an 'any' type.
src/app/api/summary/route.ts(436,39): error TS7006: Parameter 'r' implicitly has an 'any' type.
src/app/api/summary/route.ts(469,33): error TS7006: Parameter 'r' implicitly has an 'any' type.
src/app/api/summary/route.ts(502,33): error TS7006: Parameter 'r' implicitly has an 'any' type.
src/app/api/summary/route.ts(609,34): error TS7006: Parameter 'r' implicitly has an 'any' type.
src/app/api/summary/route.ts(636,31): error TS7006: Parameter 'item' implicitly has an 'any' type.
src/app/api/summary/route.ts(687,31): error TS7006: Parameter 'r' implicitly has an 'any' type.
src/app/api/summary/route.ts(914,31): error TS7006: Parameter 'r' implicitly has an 'any' type.
src/app/api/summary/route.ts(952,15): error TS7006: Parameter 'a' implicitly has an 'any' type.
src/app/api/summary/route.ts(952,18): error TS7006: Parameter 'b' implicitly has an 'any' type.
src/app/api/summary/route.ts(980,34): error TS7006: Parameter 'r' implicitly has an 'any' type.
src/app/api/summary/route.ts(1022,37): error TS7006: Parameter 'r' implicitly has an 'any' type.
src/app/api/summary/route.ts(1112,37): error TS7006: Parameter 'obj' implicitly has an 'any' type.
src/app/api/users/sync/route.ts(27,41): error TS7006: Parameter 'tx' implicitly has an 'any' type.
src/lib/agent/handoff-store.ts(95,39): error TS7006: Parameter 'tx' implicitly has an 'any' type.
src/lib/ayaops/margin-ledger.ts(1046,66): error TS7006: Parameter 'tx' implicitly has an 'any' type.
src/lib/ayaops/margin-ledger.ts(1534,38): error TS7006: Parameter 'row' implicitly has an 'any' type.
src/lib/ayaops/margin-ledger.ts(1549,36): error TS7006: Parameter 'row' implicitly has an 'any' type.
src/lib/ayaops/margin-ledger.ts(1569,42): error TS7006: Parameter 'row' implicitly has an 'any' type.
src/lib/ayaops/margin-ledger.ts(1599,36): error TS7006: Parameter 'row' implicitly has an 'any' type.
src/lib/ayaops/margin-ledger.ts(1680,38): error TS7006: Parameter 'row' implicitly has an 'any' type.
src/lib/ayaops/margin-ledger.ts(1697,36): error TS7006: Parameter 'row' implicitly has an 'any' type.
src/lib/ayaops/margin-ledger.ts(1722,24): error TS7006: Parameter 'row' implicitly has an 'any' type.
src/lib/ayaops/margin-ledger.ts(1756,64): error TS7006: Parameter 'tx' implicitly has an 'any' type.
src/lib/ayaops/offer-ledger.ts(607,64): error TS7006: Parameter 'tx' implicitly has an 'any' type.
src/lib/ayaops/offer-ledger.ts(945,38): error TS7006: Parameter 'row' implicitly has an 'any' type.
src/lib/ayaops/offer-ledger.ts(960,36): error TS7006: Parameter 'row' implicitly has an 'any' type.
src/lib/ayaops/offer-ledger.ts(978,40): error TS7006: Parameter 'row' implicitly has an 'any' type.
src/lib/ayaops/offer-ledger.ts(1008,36): error TS7006: Parameter 'row' implicitly has an 'any' type.
src/lib/ayaops/offer-ledger.ts(1082,36): error TS7006: Parameter 'row' implicitly has an 'any' type.
src/lib/ayaops/offer-ledger.ts(1099,36): error TS7006: Parameter 'row' implicitly has an 'any' type.
src/lib/ayaops/ringcentral-ledger.ts(480,66): error TS7006: Parameter 'tx' implicitly has an 'any' type.
src/lib/evidence/store.ts(290,41): error TS7006: Parameter 'tx' implicitly has an 'any' type.
src/lib/evidence/store.ts(393,30): error TS7006: Parameter 'r' implicitly has an 'any' type.
src/lib/evidence/store.ts(395,11): error TS7006: Parameter 'row' implicitly has an 'any' type.
src/lib/evidence/store.ts(398,24): error TS7006: Parameter 'row' implicitly has an 'any' type.
src/lib/evidence/store.ts(425,39): error TS7006: Parameter 'tx' implicitly has an 'any' type.
src/lib/evidence/store.ts(443,39): error TS7006: Parameter 'tx' implicitly has an 'any' type.
src/lib/evidence/store.ts(461,39): error TS7006: Parameter 'tx' implicitly has an 'any' type.
src/lib/licensing/chat-question-log.ts(52,48): error TS7006: Parameter 'tx' implicitly has an 'any' type.
src/lib/licensing/fee-ledger.ts(352,70): error TS7006: Parameter 'tx' implicitly has an 'any' type.
src/lib/licensing/fee-ledger.ts(580,38): error TS7006: Parameter 'row' implicitly has an 'any' type.
src/lib/licensing/fee-ledger.ts(594,36): error TS7006: Parameter 'row' implicitly has an 'any' type.
src/lib/licensing/fee-ledger.ts(610,42): error TS7006: Parameter 'row' implicitly has an 'any' type.
src/lib/licensing/fee-ledger.ts(642,36): error TS7006: Parameter 'row' implicitly has an 'any' type.
src/lib/licensing/fee-ledger.ts(696,38): error TS7006: Parameter 'row' implicitly has an 'any' type.
src/lib/licensing/research-ledger.ts(429,66): error TS7006: Parameter 'tx' implicitly has an 'any' type.
src/lib/spanner/tools.ts(411,32): error TS7006: Parameter 'r' implicitly has an 'any' type.
src/lib/spanner/tools.ts(502,11): error TS7006: Parameter 'r' implicitly has an 'any' type.
src/lib/spanner/tools.ts(503,11): error TS7006: Parameter 'row' implicitly has an 'any' type.
src/lib/spanner/tools.ts(537,14): error TS7006: Parameter 'candidate' implicitly has an 'any' type.
src/lib/spanner/tools.ts(585,32): error TS7006: Parameter 'r' implicitly has an 'any' type.
src/lib/spanner/tools.ts(1007,39): error TS7006: Parameter 'tx' implicitly has an 'any' type.
src/lib/spanner/tools.ts(1238,39): error TS7006: Parameter 'tx' implicitly has an 'any' type.
src/lib/spanner/tools.ts(1357,39): error TS7006: Parameter 'tx' implicitly has an 'any' type.
src/lib/spanner/tools.ts(1540,39): error TS7006: Parameter 'tx' implicitly has an 'any' type.
src/lib/spanner/tools.ts(1712,39): error TS7006: Parameter 'tx' implicitly has an 'any' type.
